#
# The MIT License (MIT)
#
# Copyright (c) 2017 GeoMoose.org, Dan "Ducky" Little
#
# Permission is hereby granted, free of charge, to any person obtaining a copy
# of this software and associated documentation files (the "Software"), to deal
# in the Software without restriction, including without limitation the rights
# to use, copy, modify, merge, publish, distribute, sublicense, and/or sell
# copies of the Software, and to permit persons to whom the Software is
# furnished to do so, subject to the following conditions:
#
# The above copyright notice and this permission notice shall be included in all
# copies or substantial portions of the Software.
#
# THE SOFTWARE IS PROVIDED "AS IS", WITHOUT WARRANTY OF ANY KIND, EXPRESS OR
# IMPLIED, INCLUDING BUT NOT LIMITED TO THE WARRANTIES OF MERCHANTABILITY,
# FITNESS FOR A PARTICULAR PURPOSE AND NONINFRINGEMENT. IN NO EVENT SHALL THE
# AUTHORS OR COPYRIGHT HOLDERS BE LIABLE FOR ANY CLAIM, DAMAGES OR OTHER
# LIABILITY, WHETHER IN AN ACTION OF CONTRACT, TORT OR OTHERWISE, ARISING FROM,
# OUT OF OR IN CONNECTION WITH THE SOFTWARE OR THE USE OR OTHER DEALINGS IN THE
# SOFTWARE.
#

# A convienent place to setup a bunch of defaults for MapServer
# so they don't need to be set in every mapfile.
PROJECTION
    "init=epsg:4326"
END
EXTENT -179 -90 179 90


STATUS ON   # Draw map, not just scalebar
SIZE 800 650 # Set default image size if not set in URL

CONFIG "MS_ERRORFILE" "stderr" # Log to apache error.log

# Put MapServer inline with the OGC spec for scale calculations
# See: WMS 1.3.0 spec Section 7.2.4.6.9
DEFRESOLUTION 90.7

# Setup paths to fonts and symbols
# Note: path is (oddly) relative to top level mapfile not this include
#       This implies all your mapfiles need to be exactly two levels deep.
FONTSET		"../../fonts/fontset.list"
SYMBOLSET	"../../symbols/symbol.sym"

MAXSIZE 10000 # prevent the pink screen of death on large monitors
IMAGECOLOR 255 255 255

LEGEND
	STATUS ON
	LABEL
		TYPE TRUETYPE
		FONT vera_sans
		SIZE 8
		COLOR 0 0 0
	END
END

#set default imagetype, useful for map2img tests
IMAGETYPE PNG

OUTPUTFORMAT
    NAME "geojson"
    DRIVER "OGR/GEOJSON"
    MIMETYPE "application/json" #; subtype=geojson; charset=utf-8"
    FORMATOPTION "STORAGE=stream"
    FORMATOPTION "FORM=SIMPLE"
    FORMATOPTION "LCO:COORDINATE_PRECISION=5"
END
