#
# The MIT License (MIT)
#
# Copyright (c) 2017 GeoMoose.org, Dan "Ducky" Little
#
# Permission is hereby granted, free of charge, to any person obtaining a copy
# of this software and associated documentation files (the "Software"), to deal
# in the Software without restriction, including without limitation the rights
# to use, copy, modify, merge, publish, distribute, sublicense, and/or sell
# copies of the Software, and to permit persons to whom the Software is
# furnished to do so, subject to the following conditions:
#
# The above copyright notice and this permission notice shall be included in all
# copies or substantial portions of the Software.
#
# THE SOFTWARE IS PROVIDED "AS IS", WITHOUT WARRANTY OF ANY KIND, EXPRESS OR
# IMPLIED, INCLUDING BUT NOT LIMITED TO THE WARRANTIES OF MERCHANTABILITY,
# FITNESS FOR A PARTICULAR PURPOSE AND NONINFRINGEMENT. IN NO EVENT SHALL THE
# AUTHORS OR COPYRIGHT HOLDERS BE LIABLE FOR ANY CLAIM, DAMAGES OR OTHER
# LIABILITY, WHETHER IN AN ACTION OF CONTRACT, TORT OR OTHERWISE, ARISING FROM,
# OUT OF OR IN CONNECTION WITH THE SOFTWARE OR THE USE OR OTHER DEALINGS IN THE
# SOFTWARE.
#

MAP
	INCLUDE '../../geomoose_globals.map'
	
	WEB
		METADATA
			'ows_title' 'scalebar'
			'ows_enable_request' '!*'
			'wms_enable_request' '*'
			INCLUDE '../../common_metadata.map'
		END
	END

	SCALEBAR 
		STATUS embed 
		SIZE 200 5
		UNITS feet 
		BACKGROUNDCOLOR 120 120 120 
		imagecolor 255 255 255  
		COLOR 0 0 0
		STYLE 0 
		POSTLABELCACHE true 
		TRANSPARENT OFF
		# If using MapServer version 7.2+ can use OFFSET to move the scalebar 
		# into a better position, https://mapserver.org/mapfile/scalebar.html
		#OFFSET 5 5

		LABEL 
			COLOR 0 0 0
			BUFFER 2 
			OUTLINECOLOR 255 255 217
			SIZE small 
		END 
	END 

	# Dummy layer to call for displaying the scalebar in WMS
	LAYER
		NAME 'scalebar_feet'
		STATUS ON
		TYPE polygon
		PROJECTION
			'init=epsg:4326'
		END
		METADATA
			'wms_title' 'Scalebar (Feet)'
			'wms_extent' '-180 -80 180 80'
		END
	END
END
